******************************************************************************
                  TI ARM Linker PC v20.2.7                     
******************************************************************************
>> Linked Wed Aug 28 16:40:32 2024

OUTPUT FILE NAME:   <Project_Clock.out>
ENTRY POINT SYMBOL: "_c_int00_noargs"  address: 00000811


MEMORY CONFIGURATION

         name            origin    length      used     unused   attr    fill
----------------------  --------  ---------  --------  --------  ----  --------
  FLASH                 00000000   00100000  00000b4e  000ff4b2  R  X
  SRAM                  20000000   00040000  00000206  0003fdfa  RW X


SEGMENT ALLOCATION MAP

run origin  load origin   length   init length attrs members
----------  ----------- ---------- ----------- ----- -------
00000000    00000000    00000b54   00000b54    r-x
  00000000    00000000    00000208   00000208    r-- .intvecs
  00000208    00000208    000006de   000006de    r-x .text
  000008e8    000008e8    00000254   00000254    r-- .const
  00000b40    00000b40    00000014   00000014    r-- .cinit
20000000    20000000    00000206   00000000    rw-
  20000000    20000000    00000200   00000000    rw- .stack
  20000200    20000200    00000006   00000000    rw- .bss


SECTION ALLOCATION MAP

 output                                  attributes/
section   page    origin      length       input sections
--------  ----  ----------  ----------   ----------------
.intvecs   0    00000000    00000208     
                  00000000    00000208     tm4c129encpdt_startup_ccs.obj (.intvecs)

.text      0    00000208    000006de     
                  00000208    00000200     driverlib.lib : sysctl.obj (.text:SysCtlClockFreqSet)
                  00000408    0000016c                   : gpio.obj (.text:GPIOPadConfigSet)
                  00000574    00000118                   : sysctl.obj (.text:SysCtlClockGet)
                  0000068c    0000008c     main.obj (.text)
                  00000718    00000048     driverlib.lib : sysctl.obj (.text:_SysCtlFrequencyGet)
                  00000760    00000044     rtsv7M4_T_le_v4SPD16_eabi.lib : autoinit.c.obj (.text:__TI_auto_init_nobinit_nopinit:__TI_auto_init_nobinit_nopinit)
                  000007a4    00000038     driverlib.lib : sysctl.obj (.text:SysCtlPeripheralReady)
                  000007dc    00000034                   : sysctl.obj (.text:SysCtlPeripheralEnable)
                  00000810    00000034     rtsv7M4_T_le_v4SPD16_eabi.lib : boot_cortex_m.c.obj (.text:_c_int00_noargs:_c_int00_noargs)
                  00000844    0000002c     driverlib.lib : gpio.obj (.text:GPIODirModeSet)
                  00000870    00000020                   : sysctl.obj (.text:_SysCtlMemTimingGet)
                  00000890    0000001c     rtsv7M4_T_le_v4SPD16_eabi.lib : copy_zero_init.c.obj (.text:decompress:ZI:__TI_zero_init_nomemset:__TI_zero_init_nomemset)
                  000008ac    0000001a     driverlib.lib : gpio.obj (.text:GPIOPinTypeGPIOOutput)
                  000008c6    0000000c     tm4c129encpdt_startup_ccs.obj (.text)
                  000008d2    00000006     driverlib.lib : gpio.obj (.text:GPIOPinWrite)
                  000008d8    00000006                   : sysctl.obj (.text:SysCtlDelay)
                  000008de    00000004     rtsv7M4_T_le_v4SPD16_eabi.lib : pre_init.c.obj (.text:_system_pre_init)
                  000008e2    00000004                                   : exit.c.obj (.text:abort:abort)

.const     0    000008e8    00000254     
                  000008e8    000001b0     driverlib.lib : sysctl.obj (.const:g_pppui32XTALtoVCO)
                  00000a98    0000006c                   : sysctl.obj (.const:g_pui32Xtals)
                  00000b04    00000030                   : sysctl.obj (.const:g_sXTALtoMEMTIM)
                  00000b34    00000008                   : sysctl.obj (.const:g_pui32VCOFrequencies)

.cinit     0    00000b40    00000014     
                  00000b40    00000008     (.cinit..bss.load) [load image, compression = zero_init]
                  00000b48    00000004     (__TI_handler_table)
                  00000b4c    00000008     (__TI_cinit_table)

.init_array 
*          0    00000000    00000000     UNINITIALIZED

.bss       0    20000200    00000006     UNINITIALIZED
                  20000200    00000004     (.common:SysClock)
                  20000204    00000002     (.common:Second)

.stack     0    20000000    00000200     UNINITIALIZED
                  20000000    00000004     rtsv7M4_T_le_v4SPD16_eabi.lib : boot_cortex_m.c.obj (.stack)
                  20000004    000001fc     --HOLE--

__llvm_prf_cnts 
*          0    20000000    00000000     UNINITIALIZED

MODULE SUMMARY

       Module                          code   ro data   rw data
       ------                          ----   -------   -------
    .\
       tm4c129encpdt_startup_ccs.obj   12     520       0      
       main.obj                        140    0         6      
    +--+-------------------------------+------+---------+---------+
       Total:                          152    520       6      
                                                               
    C:/ti/TivaWare_C_Series-2.2.0.295/driverlib/ccs/Debug/driverlib.lib
       sysctl.obj                      1010   596       0      
       gpio.obj                        440    0         0      
    +--+-------------------------------+------+---------+---------+
       Total:                          1450   596       0      
                                                               
    C:\ti\ccs1271\ccs\tools\compiler\ti-cgt-arm_20.2.7.LTS\lib\rtsv7M4_T_le_v4SPD16_eabi.lib
       autoinit.c.obj                  68     0         0      
       boot_cortex_m.c.obj             52     0         0      
       copy_zero_init.c.obj            28     0         0      
       exit.c.obj                      4      0         0      
       pre_init.c.obj                  4      0         0      
    +--+-------------------------------+------+---------+---------+
       Total:                          156    0         0      
                                                               
       Stack:                          0      0         512    
       Linker Generated:               0      20        0      
    +--+-------------------------------+------+---------+---------+
       Grand Total:                    1758   1136      518    


LINKER GENERATED COPY TABLES

__TI_cinit_table @ 00000b4c records: 1, size/record: 8, table size: 8
	.bss: load addr=00000b40, load size=00000008 bytes, run addr=20000200, run size=00000006 bytes, compression=zero_init


LINKER GENERATED HANDLER TABLE

__TI_handler_table @ 00000b48 records: 1, size/record: 4, table size: 4
	index: 0, handler: __TI_zero_init


GLOBAL SYMBOLS: SORTED ALPHABETICALLY BY Name 

address   name                          
-------   ----                          
000008e3  C$$EXIT                       
00000845  GPIODirModeSet                
00000409  GPIOPadConfigSet              
000008ad  GPIOPinTypeGPIOOutput         
000008d3  GPIOPinWrite                  
000008c7  ResetISR                      
20000204  Second                        
20000200  SysClock                      
00000209  SysCtlClockFreqSet            
00000575  SysCtlClockGet                
000008d9  SysCtlDelay                   
000007dd  SysCtlPeripheralEnable        
000007a5  SysCtlPeripheralReady         
20000200  __STACK_END                   
00000200  __STACK_SIZE                  
20000200  __STACK_TOP                   
00000b4c  __TI_CINIT_Base               
00000b54  __TI_CINIT_Limit              
00000b48  __TI_Handler_Table_Base       
00000b4c  __TI_Handler_Table_Limit      
00000761  __TI_auto_init_nobinit_nopinit
ffffffff  __TI_pprof_out_hndl           
ffffffff  __TI_prof_data_size           
ffffffff  __TI_prof_data_start          
00000000  __TI_static_base__            
00000891  __TI_zero_init_nomemset       
ffffffff  __binit__                     
ffffffff  __c_args__                    
UNDEFED   __mpu_init                    
20000000  __stack                       
20000000  __start___llvm_prf_cnts       
20000000  __stop___llvm_prf_cnts        
00000811  _c_int00_noargs               
UNDEFED   _system_post_cinit            
000008df  _system_pre_init              
000008e3  abort                         
ffffffff  binit                         
0000068d  delay_with_nop                
00000000  g_pfnVectors                  
000006a9  main                          


GLOBAL SYMBOLS: SORTED BY Symbol Address 

address   name                          
-------   ----                          
00000000  __TI_static_base__            
00000000  g_pfnVectors                  
00000200  __STACK_SIZE                  
00000209  SysCtlClockFreqSet            
00000409  GPIOPadConfigSet              
00000575  SysCtlClockGet                
0000068d  delay_with_nop                
000006a9  main                          
00000761  __TI_auto_init_nobinit_nopinit
000007a5  SysCtlPeripheralReady         
000007dd  SysCtlPeripheralEnable        
00000811  _c_int00_noargs               
00000845  GPIODirModeSet                
00000891  __TI_zero_init_nomemset       
000008ad  GPIOPinTypeGPIOOutput         
000008c7  ResetISR                      
000008d3  GPIOPinWrite                  
000008d9  SysCtlDelay                   
000008df  _system_pre_init              
000008e3  C$$EXIT                       
000008e3  abort                         
00000b48  __TI_Handler_Table_Base       
00000b4c  __TI_CINIT_Base               
00000b4c  __TI_Handler_Table_Limit      
00000b54  __TI_CINIT_Limit              
20000000  __stack                       
20000000  __start___llvm_prf_cnts       
20000000  __stop___llvm_prf_cnts        
20000200  SysClock                      
20000200  __STACK_END                   
20000200  __STACK_TOP                   
20000204  Second                        
ffffffff  __TI_pprof_out_hndl           
ffffffff  __TI_prof_data_size           
ffffffff  __TI_prof_data_start          
ffffffff  __binit__                     
ffffffff  __c_args__                    
ffffffff  binit                         
UNDEFED   __mpu_init                    
UNDEFED   _system_post_cinit            

[40 symbols]
